[2025-05-09T15:43:46.685+0000] {local_task_job_runner.py:120} INFO - ::group::Pre task execution logs
[2025-05-09T15:43:47.265+0000] {taskinstance.py:2076} INFO - Dependencies all met for dep_context=non-requeueable deps ti=<TaskInstance: weather_data_pipeline.extract_data scheduled__2025-05-09T14:10:00+00:00 [queued]>
[2025-05-09T15:43:47.328+0000] {taskinstance.py:2076} INFO - Dependencies all met for dep_context=requeueable deps ti=<TaskInstance: weather_data_pipeline.extract_data scheduled__2025-05-09T14:10:00+00:00 [queued]>
[2025-05-09T15:43:47.330+0000] {taskinstance.py:2306} INFO - Starting attempt 1 of 2
[2025-05-09T15:43:47.408+0000] {taskinstance.py:2330} INFO - Executing <Task(PythonOperator): extract_data> on 2025-05-09 14:10:00+00:00
[2025-05-09T15:43:47.429+0000] {standard_task_runner.py:63} INFO - Started process 3974 to run task
[2025-05-09T15:43:47.458+0000] {standard_task_runner.py:90} INFO - Running: ['***', 'tasks', 'run', 'weather_data_pipeline', 'extract_data', 'scheduled__2025-05-09T14:10:00+00:00', '--job-id', '24', '--raw', '--subdir', 'DAGS_FOLDER/Pipeline_with_***.py', '--cfg-path', '/tmp/tmprv6xpqp6']
[2025-05-09T15:43:47.462+0000] {standard_task_runner.py:91} INFO - Job 24: Subtask extract_data
[2025-05-09T15:43:47.707+0000] {task_command.py:426} INFO - Running <TaskInstance: weather_data_pipeline.extract_data scheduled__2025-05-09T14:10:00+00:00 [running]> on host 2b8c83e2c173
[2025-05-09T15:43:48.108+0000] {taskinstance.py:2648} INFO - Exporting env vars: AIRFLOW_CTX_DAG_OWNER='***' AIRFLOW_CTX_DAG_ID='weather_data_pipeline' AIRFLOW_CTX_TASK_ID='extract_data' AIRFLOW_CTX_EXECUTION_DATE='2025-05-09T14:10:00+00:00' AIRFLOW_CTX_TRY_NUMBER='1' AIRFLOW_CTX_DAG_RUN_ID='scheduled__2025-05-09T14:10:00+00:00'
[2025-05-09T15:43:48.128+0000] {taskinstance.py:430} INFO - ::endgroup::
[2025-05-09T15:43:48.163+0000] {taskinstance.py:441} INFO - ::group::Post task execution logs
[2025-05-09T15:43:48.165+0000] {taskinstance.py:2905} ERROR - Task failed with exception
Traceback (most recent call last):
  File "/home/airflow/.local/lib/python3.10/site-packages/urllib3/connection.py", line 198, in _new_conn
    sock = connection.create_connection(
  File "/home/airflow/.local/lib/python3.10/site-packages/urllib3/util/connection.py", line 60, in create_connection
    for res in socket.getaddrinfo(host, port, family, socket.SOCK_STREAM):
  File "/usr/local/lib/python3.10/socket.py", line 955, in getaddrinfo
    for res in _socket.getaddrinfo(host, port, family, type, proto, flags):
socket.gaierror: [Errno -2] Name or service not known

The above exception was the direct cause of the following exception:

Traceback (most recent call last):
  File "/home/airflow/.local/lib/python3.10/site-packages/urllib3/connectionpool.py", line 793, in urlopen
    response = self._make_request(
  File "/home/airflow/.local/lib/python3.10/site-packages/urllib3/connectionpool.py", line 491, in _make_request
    raise new_e
  File "/home/airflow/.local/lib/python3.10/site-packages/urllib3/connectionpool.py", line 467, in _make_request
    self._validate_conn(conn)
  File "/home/airflow/.local/lib/python3.10/site-packages/urllib3/connectionpool.py", line 1099, in _validate_conn
    conn.connect()
  File "/home/airflow/.local/lib/python3.10/site-packages/urllib3/connection.py", line 616, in connect
    self.sock = sock = self._new_conn()
  File "/home/airflow/.local/lib/python3.10/site-packages/urllib3/connection.py", line 205, in _new_conn
    raise NameResolutionError(self.host, self, e) from e
urllib3.exceptions.NameResolutionError: <urllib3.connection.HTTPSConnection object at 0x7fc569c0f4c0>: Failed to resolve 'api.openweathermap.org' ([Errno -2] Name or service not known)

The above exception was the direct cause of the following exception:

Traceback (most recent call last):
  File "/home/airflow/.local/lib/python3.10/site-packages/requests/adapters.py", line 486, in send
    resp = conn.urlopen(
  File "/home/airflow/.local/lib/python3.10/site-packages/urllib3/connectionpool.py", line 847, in urlopen
    retries = retries.increment(
  File "/home/airflow/.local/lib/python3.10/site-packages/urllib3/util/retry.py", line 515, in increment
    raise MaxRetryError(_pool, url, reason) from reason  # type: ignore[arg-type]
urllib3.exceptions.MaxRetryError: HTTPSConnectionPool(host='api.openweathermap.org', port=443): Max retries exceeded with url: /data/2.5/weather?q=Kyiv&appid=17684fed0f48370bdcb82896ab7a73ee (Caused by NameResolutionError("<urllib3.connection.HTTPSConnection object at 0x7fc569c0f4c0>: Failed to resolve 'api.openweathermap.org' ([Errno -2] Name or service not known)"))

During handling of the above exception, another exception occurred:

Traceback (most recent call last):
  File "/home/airflow/.local/lib/python3.10/site-packages/airflow/models/taskinstance.py", line 465, in _execute_task
    result = _execute_callable(context=context, **execute_callable_kwargs)
  File "/home/airflow/.local/lib/python3.10/site-packages/airflow/models/taskinstance.py", line 432, in _execute_callable
    return execute_callable(context=context, **execute_callable_kwargs)
  File "/home/airflow/.local/lib/python3.10/site-packages/airflow/models/baseoperator.py", line 400, in wrapper
    return func(self, *args, **kwargs)
  File "/home/airflow/.local/lib/python3.10/site-packages/airflow/operators/python.py", line 235, in execute
    return_value = self.execute_callable()
  File "/home/airflow/.local/lib/python3.10/site-packages/airflow/operators/python.py", line 252, in execute_callable
    return self.python_callable(*self.op_args, **self.op_kwargs)
  File "/opt/airflow/dags/Pipeline_with_airflow.py", line 14, in extract_data
    response = requests.get(url)
  File "/home/airflow/.local/lib/python3.10/site-packages/requests/api.py", line 73, in get
    return request("get", url, params=params, **kwargs)
  File "/home/airflow/.local/lib/python3.10/site-packages/requests/api.py", line 59, in request
    return session.request(method=method, url=url, **kwargs)
  File "/home/airflow/.local/lib/python3.10/site-packages/requests/sessions.py", line 589, in request
    resp = self.send(prep, **send_kwargs)
  File "/home/airflow/.local/lib/python3.10/site-packages/requests/sessions.py", line 703, in send
    r = adapter.send(request, **kwargs)
  File "/home/airflow/.local/lib/python3.10/site-packages/requests/adapters.py", line 519, in send
    raise ConnectionError(e, request=request)
requests.exceptions.ConnectionError: HTTPSConnectionPool(host='api.openweathermap.org', port=443): Max retries exceeded with url: /data/2.5/weather?q=Kyiv&appid=17684fed0f48370bdcb82896ab7a73ee (Caused by NameResolutionError("<urllib3.connection.HTTPSConnection object at 0x7fc569c0f4c0>: Failed to resolve 'api.openweathermap.org' ([Errno -2] Name or service not known)"))
[2025-05-09T15:43:48.207+0000] {taskinstance.py:1206} INFO - Marking task as UP_FOR_RETRY. dag_id=weather_data_pipeline, task_id=extract_data, run_id=scheduled__2025-05-09T14:10:00+00:00, execution_date=20250509T141000, start_date=20250509T154347, end_date=20250509T154348
[2025-05-09T15:43:48.259+0000] {standard_task_runner.py:110} ERROR - Failed to execute job 24 for task extract_data (HTTPSConnectionPool(host='api.openweathermap.org', port=443): Max retries exceeded with url: /data/2.5/weather?q=Kyiv&appid=17684fed0f48370bdcb82896ab7a73ee (Caused by NameResolutionError("<urllib3.connection.HTTPSConnection object at 0x7fc569c0f4c0>: Failed to resolve 'api.openweathermap.org' ([Errno -2] Name or service not known)")); 3974)
[2025-05-09T15:43:48.312+0000] {local_task_job_runner.py:240} INFO - Task exited with return code 1
[2025-05-09T15:43:48.413+0000] {taskinstance.py:3498} INFO - 0 downstream tasks scheduled from follow-on schedule check
[2025-05-09T15:43:48.421+0000] {local_task_job_runner.py:222} INFO - ::endgroup::
