[2025-05-09T16:06:59.795+0000] {local_task_job_runner.py:120} INFO - ::group::Pre task execution logs
[2025-05-09T16:07:00.003+0000] {taskinstance.py:2076} INFO - Dependencies all met for dep_context=non-requeueable deps ti=<TaskInstance: weather_data_pipeline.transform_data scheduled__2025-05-09T15:56:00+00:00 [queued]>
[2025-05-09T16:07:00.020+0000] {taskinstance.py:2076} INFO - Dependencies all met for dep_context=requeueable deps ti=<TaskInstance: weather_data_pipeline.transform_data scheduled__2025-05-09T15:56:00+00:00 [queued]>
[2025-05-09T16:07:00.022+0000] {taskinstance.py:2306} INFO - Starting attempt 2 of 2
[2025-05-09T16:07:00.046+0000] {taskinstance.py:2330} INFO - Executing <Task(PythonOperator): transform_data> on 2025-05-09 15:56:00+00:00
[2025-05-09T16:07:00.056+0000] {standard_task_runner.py:63} INFO - Started process 1240 to run task
[2025-05-09T16:07:00.064+0000] {standard_task_runner.py:90} INFO - Running: ['***', 'tasks', 'run', 'weather_data_pipeline', 'transform_data', 'scheduled__2025-05-09T15:56:00+00:00', '--job-id', '80', '--raw', '--subdir', 'DAGS_FOLDER/Pipeline_with_***.py', '--cfg-path', '/tmp/tmp9tw3pot4']
[2025-05-09T16:07:00.068+0000] {standard_task_runner.py:91} INFO - Job 80: Subtask transform_data
[2025-05-09T16:07:00.167+0000] {task_command.py:426} INFO - Running <TaskInstance: weather_data_pipeline.transform_data scheduled__2025-05-09T15:56:00+00:00 [running]> on host 2b8c83e2c173
[2025-05-09T16:07:00.316+0000] {taskinstance.py:2648} INFO - Exporting env vars: AIRFLOW_CTX_DAG_OWNER='***' AIRFLOW_CTX_DAG_ID='weather_data_pipeline' AIRFLOW_CTX_TASK_ID='transform_data' AIRFLOW_CTX_EXECUTION_DATE='2025-05-09T15:56:00+00:00' AIRFLOW_CTX_TRY_NUMBER='2' AIRFLOW_CTX_DAG_RUN_ID='scheduled__2025-05-09T15:56:00+00:00'
[2025-05-09T16:07:00.319+0000] {taskinstance.py:430} INFO - ::endgroup::
[2025-05-09T16:07:00.321+0000] {taskinstance.py:441} INFO - ::group::Post task execution logs
[2025-05-09T16:07:00.322+0000] {taskinstance.py:2905} ERROR - Task failed with exception
Traceback (most recent call last):
  File "/home/airflow/.local/lib/python3.10/site-packages/airflow/models/taskinstance.py", line 465, in _execute_task
    result = _execute_callable(context=context, **execute_callable_kwargs)
  File "/home/airflow/.local/lib/python3.10/site-packages/airflow/models/taskinstance.py", line 432, in _execute_callable
    return execute_callable(context=context, **execute_callable_kwargs)
  File "/home/airflow/.local/lib/python3.10/site-packages/airflow/models/baseoperator.py", line 400, in wrapper
    return func(self, *args, **kwargs)
  File "/home/airflow/.local/lib/python3.10/site-packages/airflow/operators/python.py", line 235, in execute
    return_value = self.execute_callable()
  File "/home/airflow/.local/lib/python3.10/site-packages/airflow/operators/python.py", line 252, in execute_callable
    return self.python_callable(*self.op_args, **self.op_kwargs)
  File "/opt/airflow/dags/Pipeline_with_airflow.py", line 32, in transform_data
    data = kwargs['ti'].xcom_pull(task_id = 'extract_data')
  File "/home/airflow/.local/lib/python3.10/site-packages/airflow/utils/session.py", line 79, in wrapper
    return func(*args, session=session, **kwargs)
TypeError: TaskInstance.xcom_pull() got an unexpected keyword argument 'task_id'
[2025-05-09T16:07:00.338+0000] {taskinstance.py:1206} INFO - Marking task as FAILED. dag_id=weather_data_pipeline, task_id=transform_data, run_id=scheduled__2025-05-09T15:56:00+00:00, execution_date=20250509T155600, start_date=20250509T160700, end_date=20250509T160700
[2025-05-09T16:07:00.354+0000] {standard_task_runner.py:110} ERROR - Failed to execute job 80 for task transform_data (TaskInstance.xcom_pull() got an unexpected keyword argument 'task_id'; 1240)
[2025-05-09T16:07:00.397+0000] {local_task_job_runner.py:240} INFO - Task exited with return code 1
[2025-05-09T16:07:00.432+0000] {taskinstance.py:3498} INFO - 0 downstream tasks scheduled from follow-on schedule check
[2025-05-09T16:07:00.440+0000] {local_task_job_runner.py:222} INFO - ::endgroup::
