[2025-05-09T15:56:03.943+0000] {local_task_job_runner.py:120} INFO - ::group::Pre task execution logs
[2025-05-09T15:56:04.076+0000] {taskinstance.py:2076} INFO - Dependencies all met for dep_context=non-requeueable deps ti=<TaskInstance: weather_data_pipeline.transform_data scheduled__2025-05-09T15:55:00+00:00 [queued]>
[2025-05-09T15:56:04.090+0000] {taskinstance.py:2076} INFO - Dependencies all met for dep_context=requeueable deps ti=<TaskInstance: weather_data_pipeline.transform_data scheduled__2025-05-09T15:55:00+00:00 [queued]>
[2025-05-09T15:56:04.091+0000] {taskinstance.py:2306} INFO - Starting attempt 1 of 2
[2025-05-09T15:56:04.109+0000] {taskinstance.py:2330} INFO - Executing <Task(PythonOperator): transform_data> on 2025-05-09 15:55:00+00:00
[2025-05-09T15:56:04.117+0000] {standard_task_runner.py:63} INFO - Started process 10467 to run task
[2025-05-09T15:56:04.121+0000] {standard_task_runner.py:90} INFO - Running: ['***', 'tasks', 'run', 'weather_data_pipeline', 'transform_data', 'scheduled__2025-05-09T15:55:00+00:00', '--job-id', '64', '--raw', '--subdir', 'DAGS_FOLDER/Pipeline_with_***.py', '--cfg-path', '/tmp/tmpgj0q8e7h']
[2025-05-09T15:56:04.122+0000] {standard_task_runner.py:91} INFO - Job 64: Subtask transform_data
[2025-05-09T15:56:04.177+0000] {task_command.py:426} INFO - Running <TaskInstance: weather_data_pipeline.transform_data scheduled__2025-05-09T15:55:00+00:00 [running]> on host 2b8c83e2c173
[2025-05-09T15:56:04.309+0000] {taskinstance.py:2648} INFO - Exporting env vars: AIRFLOW_CTX_DAG_OWNER='***' AIRFLOW_CTX_DAG_ID='weather_data_pipeline' AIRFLOW_CTX_TASK_ID='transform_data' AIRFLOW_CTX_EXECUTION_DATE='2025-05-09T15:55:00+00:00' AIRFLOW_CTX_TRY_NUMBER='1' AIRFLOW_CTX_DAG_RUN_ID='scheduled__2025-05-09T15:55:00+00:00'
[2025-05-09T15:56:04.312+0000] {taskinstance.py:430} INFO - ::endgroup::
[2025-05-09T15:56:04.313+0000] {taskinstance.py:441} INFO - ::group::Post task execution logs
[2025-05-09T15:56:04.315+0000] {taskinstance.py:2905} ERROR - Task failed with exception
Traceback (most recent call last):
  File "/home/airflow/.local/lib/python3.10/site-packages/airflow/models/taskinstance.py", line 465, in _execute_task
    result = _execute_callable(context=context, **execute_callable_kwargs)
  File "/home/airflow/.local/lib/python3.10/site-packages/airflow/models/taskinstance.py", line 432, in _execute_callable
    return execute_callable(context=context, **execute_callable_kwargs)
  File "/home/airflow/.local/lib/python3.10/site-packages/airflow/models/baseoperator.py", line 400, in wrapper
    return func(self, *args, **kwargs)
  File "/home/airflow/.local/lib/python3.10/site-packages/airflow/operators/python.py", line 235, in execute
    return_value = self.execute_callable()
  File "/home/airflow/.local/lib/python3.10/site-packages/airflow/operators/python.py", line 252, in execute_callable
    return self.python_callable(*self.op_args, **self.op_kwargs)
  File "/opt/airflow/dags/Pipeline_with_airflow.py", line 32, in transform_data
    main_data = data.get('main', {})
AttributeError: 'str' object has no attribute 'get'
[2025-05-09T15:56:04.338+0000] {taskinstance.py:1206} INFO - Marking task as UP_FOR_RETRY. dag_id=weather_data_pipeline, task_id=transform_data, run_id=scheduled__2025-05-09T15:55:00+00:00, execution_date=20250509T155500, start_date=20250509T155604, end_date=20250509T155604
[2025-05-09T15:56:04.360+0000] {standard_task_runner.py:110} ERROR - Failed to execute job 64 for task transform_data ('str' object has no attribute 'get'; 10467)
[2025-05-09T15:56:04.375+0000] {local_task_job_runner.py:240} INFO - Task exited with return code 1
[2025-05-09T15:56:04.394+0000] {local_task_job_runner.py:222} INFO - ::endgroup::
