[2025-05-09T15:51:01.855+0000] {local_task_job_runner.py:120} INFO - ::group::Pre task execution logs
[2025-05-09T15:51:02.015+0000] {taskinstance.py:2076} INFO - Dependencies all met for dep_context=non-requeueable deps ti=<TaskInstance: weather_data_pipeline.load_data manual__2025-05-09T15:45:50.664969+00:00 [queued]>
[2025-05-09T15:51:02.026+0000] {taskinstance.py:2076} INFO - Dependencies all met for dep_context=requeueable deps ti=<TaskInstance: weather_data_pipeline.load_data manual__2025-05-09T15:45:50.664969+00:00 [queued]>
[2025-05-09T15:51:02.028+0000] {taskinstance.py:2306} INFO - Starting attempt 2 of 2
[2025-05-09T15:51:02.045+0000] {taskinstance.py:2330} INFO - Executing <Task(PythonOperator): load_data> on 2025-05-09 15:45:50.664969+00:00
[2025-05-09T15:51:02.051+0000] {standard_task_runner.py:63} INFO - Started process 7885 to run task
[2025-05-09T15:51:02.055+0000] {standard_task_runner.py:90} INFO - Running: ['***', 'tasks', 'run', 'weather_data_pipeline', 'load_data', 'manual__2025-05-09T15:45:50.664969+00:00', '--job-id', '45', '--raw', '--subdir', 'DAGS_FOLDER/Pipeline_with_***.py', '--cfg-path', '/tmp/tmpymnl2kfc']
[2025-05-09T15:51:02.057+0000] {standard_task_runner.py:91} INFO - Job 45: Subtask load_data
[2025-05-09T15:51:02.123+0000] {task_command.py:426} INFO - Running <TaskInstance: weather_data_pipeline.load_data manual__2025-05-09T15:45:50.664969+00:00 [running]> on host 2b8c83e2c173
[2025-05-09T15:51:02.244+0000] {taskinstance.py:2648} INFO - Exporting env vars: AIRFLOW_CTX_DAG_OWNER='***' AIRFLOW_CTX_DAG_ID='weather_data_pipeline' AIRFLOW_CTX_TASK_ID='load_data' AIRFLOW_CTX_EXECUTION_DATE='2025-05-09T15:45:50.664969+00:00' AIRFLOW_CTX_TRY_NUMBER='2' AIRFLOW_CTX_DAG_RUN_ID='manual__2025-05-09T15:45:50.664969+00:00'
[2025-05-09T15:51:02.246+0000] {taskinstance.py:430} INFO - ::endgroup::
[2025-05-09T15:51:02.247+0000] {taskinstance.py:441} INFO - ::group::Post task execution logs
[2025-05-09T15:51:02.248+0000] {taskinstance.py:2905} ERROR - Task failed with exception
Traceback (most recent call last):
  File "/home/airflow/.local/lib/python3.10/site-packages/airflow/models/taskinstance.py", line 465, in _execute_task
    result = _execute_callable(context=context, **execute_callable_kwargs)
  File "/home/airflow/.local/lib/python3.10/site-packages/airflow/models/taskinstance.py", line 432, in _execute_callable
    return execute_callable(context=context, **execute_callable_kwargs)
  File "/home/airflow/.local/lib/python3.10/site-packages/airflow/models/baseoperator.py", line 400, in wrapper
    return func(self, *args, **kwargs)
  File "/home/airflow/.local/lib/python3.10/site-packages/airflow/operators/python.py", line 235, in execute
    return_value = self.execute_callable()
  File "/home/airflow/.local/lib/python3.10/site-packages/airflow/operators/python.py", line 252, in execute_callable
    return self.python_callable(*self.op_args, **self.op_kwargs)
  File "/opt/airflow/dags/Pipeline_with_airflow.py", line 58, in load_data
    data = pd.DataFrame(data)
  File "/home/airflow/.local/lib/python3.10/site-packages/pandas/core/frame.py", line 841, in __init__
    raise ValueError("DataFrame constructor not properly called!")
ValueError: DataFrame constructor not properly called!
[2025-05-09T15:51:02.266+0000] {taskinstance.py:1206} INFO - Marking task as FAILED. dag_id=weather_data_pipeline, task_id=load_data, run_id=manual__2025-05-09T15:45:50.664969+00:00, execution_date=20250509T154550, start_date=20250509T155102, end_date=20250509T155102
[2025-05-09T15:51:02.279+0000] {standard_task_runner.py:110} ERROR - Failed to execute job 45 for task load_data (DataFrame constructor not properly called!; 7885)
[2025-05-09T15:51:02.309+0000] {local_task_job_runner.py:240} INFO - Task exited with return code 1
[2025-05-09T15:51:02.331+0000] {taskinstance.py:3498} INFO - 0 downstream tasks scheduled from follow-on schedule check
[2025-05-09T15:51:02.334+0000] {local_task_job_runner.py:222} INFO - ::endgroup::
