[2025-05-09T16:16:08.153+0000] {local_task_job_runner.py:120} INFO - ::group::Pre task execution logs
[2025-05-09T16:16:08.270+0000] {taskinstance.py:2076} INFO - Dependencies all met for dep_context=non-requeueable deps ti=<TaskInstance: weather_data_pipeline.load_data scheduled__2025-05-09T16:10:00+00:00 [queued]>
[2025-05-09T16:16:08.280+0000] {taskinstance.py:2076} INFO - Dependencies all met for dep_context=requeueable deps ti=<TaskInstance: weather_data_pipeline.load_data scheduled__2025-05-09T16:10:00+00:00 [queued]>
[2025-05-09T16:16:08.281+0000] {taskinstance.py:2306} INFO - Starting attempt 1 of 2
[2025-05-09T16:16:08.296+0000] {taskinstance.py:2330} INFO - Executing <Task(PythonOperator): load_data> on 2025-05-09 16:10:00+00:00
[2025-05-09T16:16:08.301+0000] {standard_task_runner.py:63} INFO - Started process 6162 to run task
[2025-05-09T16:16:08.305+0000] {standard_task_runner.py:90} INFO - Running: ['***', 'tasks', 'run', 'weather_data_pipeline', 'load_data', 'scheduled__2025-05-09T16:10:00+00:00', '--job-id', '122', '--raw', '--subdir', 'DAGS_FOLDER/Pipeline_with_***.py', '--cfg-path', '/tmp/tmpf_mp_fwl']
[2025-05-09T16:16:08.307+0000] {standard_task_runner.py:91} INFO - Job 122: Subtask load_data
[2025-05-09T16:16:08.367+0000] {task_command.py:426} INFO - Running <TaskInstance: weather_data_pipeline.load_data scheduled__2025-05-09T16:10:00+00:00 [running]> on host 2b8c83e2c173
[2025-05-09T16:16:08.554+0000] {taskinstance.py:2648} INFO - Exporting env vars: AIRFLOW_CTX_DAG_OWNER='***' AIRFLOW_CTX_DAG_ID='weather_data_pipeline' AIRFLOW_CTX_TASK_ID='load_data' AIRFLOW_CTX_EXECUTION_DATE='2025-05-09T16:10:00+00:00' AIRFLOW_CTX_TRY_NUMBER='1' AIRFLOW_CTX_DAG_RUN_ID='scheduled__2025-05-09T16:10:00+00:00'
[2025-05-09T16:16:08.556+0000] {taskinstance.py:430} INFO - ::endgroup::
[2025-05-09T16:16:08.557+0000] {taskinstance.py:441} INFO - ::group::Post task execution logs
[2025-05-09T16:16:08.558+0000] {taskinstance.py:2905} ERROR - Task failed with exception
Traceback (most recent call last):
  File "/home/airflow/.local/lib/python3.10/site-packages/airflow/models/taskinstance.py", line 465, in _execute_task
    result = _execute_callable(context=context, **execute_callable_kwargs)
  File "/home/airflow/.local/lib/python3.10/site-packages/airflow/models/taskinstance.py", line 432, in _execute_callable
    return execute_callable(context=context, **execute_callable_kwargs)
  File "/home/airflow/.local/lib/python3.10/site-packages/airflow/models/baseoperator.py", line 400, in wrapper
    return func(self, *args, **kwargs)
  File "/home/airflow/.local/lib/python3.10/site-packages/airflow/operators/python.py", line 235, in execute
    return_value = self.execute_callable()
  File "/home/airflow/.local/lib/python3.10/site-packages/airflow/operators/python.py", line 252, in execute_callable
    return self.python_callable(*self.op_args, **self.op_kwargs)
  File "/opt/airflow/dags/Pipeline_with_airflow.py", line 60, in load_data
    data = ti.xcom_pull(task_id = 'transform_data')
  File "/home/airflow/.local/lib/python3.10/site-packages/airflow/utils/session.py", line 79, in wrapper
    return func(*args, session=session, **kwargs)
TypeError: TaskInstance.xcom_pull() got an unexpected keyword argument 'task_id'
[2025-05-09T16:16:08.573+0000] {taskinstance.py:1206} INFO - Marking task as UP_FOR_RETRY. dag_id=weather_data_pipeline, task_id=load_data, run_id=scheduled__2025-05-09T16:10:00+00:00, execution_date=20250509T161000, start_date=20250509T161608, end_date=20250509T161608
[2025-05-09T16:16:08.590+0000] {standard_task_runner.py:110} ERROR - Failed to execute job 122 for task load_data (TaskInstance.xcom_pull() got an unexpected keyword argument 'task_id'; 6162)
[2025-05-09T16:16:08.600+0000] {local_task_job_runner.py:240} INFO - Task exited with return code 1
[2025-05-09T16:16:08.614+0000] {local_task_job_runner.py:222} INFO - ::endgroup::
